[Licensing::Module] Trying to connect to existing licensing client channel...
Built from '6000.3/staging' branch; Version is '6000.3.10f1 (e35f0c77bd8e) revision 14901004'; Using compiler version '194234433'; Build Type 'Release'
OS: 'Windows 11  (10.0.26200) Professional' Language: 'en' Physical Memory: 14188 MB
BatchMode: 1, IsHumanControllingUs: 0, StartBugReporterOnCrash: 0, Is64bit: 1
[Licensing::IpcConnector] Successfully connected to: "LicenseClient-user" at "2026-09-06T08:30:26.2248605Z"
System  architecture: x64
Process architecture: x64
Date: 2026-09-06T08:30:26Z
[Licensing::Client] Code 10 while verifying Licensing Client signature (process Id: 24428, path: "C:/Program Files/Unity Hub/UnityLicensingClient_V1/Unity.Licensing.Client.exe")
[Licensing::Module] LicensingClient has failed validation; ignoring
[Licensing::Client] Handshaking with LicensingClient:
  Version:                 1.18.3+d7ffd15
  Session Id:              b4ab03905f834e81bb9d89bc0432cc1c
  Correlation Id:          98f06ed0a93424e691d5f32faeb52a39
  External correlation Id: 1284265229802368539
  Machine Id:              Z+nX2y6ZWSikMPl3VXQ/kTlWk2M=
[Licensing::Module] Successfully connected to LicensingClient on channel: "LicenseClient-user" (connect: 0.00s, validation: 0.00s, handshake: 0.05s)
[Licensing::IpcConnector] Successfully connected to: "LicenseClient-user-notifications" at "2026-09-06T08:30:26.2724075Z"
[Licensing::Module] Licensing Background thread has ended after 0.05s

COMMAND LINE ARGUMENTS:
C:\Program Files\Unity\Hub\Editor\6000.3.10f1\Editor\Unity.exe
-adb2
-batchMode
-noUpm
-name
AssetImportWorker0
-projectPath
D:/Play4/game4
-logFile
Logs/AssetImportWorker0.log
-srvPort
59477
-licensingIpc
LicenseClient-user
-job-worker-count
7
-background-job-worker-count
8
-gc-helper-count
1
-name
AssetImport
Successfully changed project path to: D:/Play4/game4
D:/Play4/game4
[UnityMemory] Configuration Parameters - Can be set up in boot.config
    "memorysetup-temp-allocator-size-nav-mesh-worker=65536"
    "memorysetup-temp-allocator-size-audio-worker=65536"
    "memorysetup-temp-allocator-size-gfx=262144"
    "memorysetup-allocator-temp-initial-block-size-main=262144"
    "memorysetup-allocator-temp-initial-block-size-worker=262144"
    "memorysetup-temp-allocator-size-background-worker=32768"
    "memorysetup-temp-allocator-size-job-worker=262144"
    "memorysetup-temp-allocator-size-preload-manager=33554432"
    "memorysetup-temp-allocator-size-gi-baking-worker=262144"
    "memorysetup-temp-allocator-size-gi-baking-worker=262144"
    "memorysetup-temp-allocator-size-gi-baking-worker=262144"
    "memorysetup-temp-allocator-size-gi-baking-worker=262144"
    "memorysetup-temp-allocator-size-gi-baking-worker=262144"
    "memorysetup-bucket-allocator-granularity=16"
    "memorysetup-bucket-allocator-bucket-count=8"
    "memorysetup-bucket-allocator-block-size=33554432"
    "memorysetup-bucket-allocator-block-count=8"
    "memorysetup-main-allocator-block-size=16777216"
    "memorysetup-thread-allocator-block-size=16777216"
    "memorysetup-gfx-main-allocator-block-size=16777216"
    "memorysetup-gfx-thread-allocator-block-size=16777216"
    "memorysetup-cache-allocator-block-size=4194304"
    "memorysetup-typetree-allocator-block-size=2097152"
    "memorysetup-profiler-bucket-allocator-granularity=16"
    "memorysetup-profiler-bucket-allocator-bucket-count=8"
    "memorysetup-profiler-bucket-allocator-block-size=33554432"
    "memorysetup-profiler-bucket-allocator-block-count=8"
    "memorysetup-profiler-allocator-block-size=16777216"
    "memorysetup-profiler-editor-allocator-block-size=1048576"
    "memorysetup-temp-allocator-size-main=16777216"
    "memorysetup-job-temp-allocator-block-size=2097152"
    "memorysetup-job-temp-allocator-block-size-background=1048576"
    "memorysetup-job-temp-allocator-reduction-small-platforms=262144"
    "memorysetup-temp-allocator-size-cloud-worker=32768"
Player connection [3252]  Target information:

Player connection [3252]  * "[IP] 10.2.0.2 [Port] 0 [Flags] 2 [Guid] 3272909107 [EditorId] 3272909107 [Version] 1048832 [Id] WindowsEditor(7,TOM) [Debug] 1 [PackageName] WindowsEditor [ProjectName] Editor" 

Player connection [3252]  * "[IP] 10.1.1.211 [Port] 0 [Flags] 2 [Guid] 3272909107 [EditorId] 3272909107 [Version] 1048832 [Id] WindowsEditor(7,TOM) [Debug] 1 [PackageName] WindowsEditor [ProjectName] Editor" 

Player connection [3252] Host joined multi-casting on [225.0.0.222:54997]...
Player connection [3252] Host joined alternative multi-casting on [225.0.0.222:34997]...
JobSystem: Creating JobQueue using job-worker-count value 7
Input System module state changed to: Initialized.
[Physics::Module] Initialized fallback backend.
[Physics::Module] Id: 0xdecafbad
Library Redirect Path: Library/
[Physics::Module] Selected backend.
[Physics::Module] Name: PhysX
[Physics::Module] Id: 0xf2b8ea05
[Physics::Module] SDK Version: 4.1.2
[Physics::Module] Integration Version: 1.0.0
[Physics::Module] Threading Mode: Multi-Threaded
Refreshing native plugins compatible for Editor in 3.79 ms, found 4 plugins.
Preloading 1 native plugins for Editor in 1.81 ms.
Initialize engine version: 6000.3.10f1 (e35f0c77bd8e)
[Subsystems] Discovering subsystems at path C:/Program Files/Unity/Hub/Editor/6000.3.10f1/Editor/Data/Resources/UnitySubsystems
[Subsystems] Discovering subsystems at path D:/Play4/game4/Assets
GfxDevice: creating device client; kGfxThreadingModeNonThreaded
Direct3D:
    Version:  Direct3D 11.0 [level 11.1]
    Renderer: NVIDIA GeForce RTX 3070 Laptop GPU (ID=0x24dd)
    Vendor:   NVIDIA
    VRAM:     8018 MB
    Driver:   32.0.16.1656
Initialize mono
Mono path[0] = 'C:/Program Files/Unity/Hub/Editor/6000.3.10f1/Editor/Data/Managed'
Mono path[1] = 'C:/Program Files/Unity/Hub/Editor/6000.3.10f1/Editor/Data/MonoBleedingEdge/lib/mono/unityjit-win32'
Mono config path = 'C:/Program Files/Unity/Hub/Editor/6000.3.10f1/Editor/Data/MonoBleedingEdge/etc'
Using monoOptions --debugger-agent=transport=dt_socket,embedding=1,server=y,suspend=n,address=127.0.0.1:56304
Begin MonoManager ReloadAssembly
Registering precompiled unity dll's ...
Register platform support module: C:/Program Files/Unity/Hub/Editor/6000.3.10f1/Editor/Data/PlaybackEngines/WindowsStandaloneSupport/UnityEditor.WindowsStandalone.Extensions.dll
[Licensing::Client] Successfully resolved entitlement details
[Licensing::Module] License group:
  Id: 9072442768393-UnityPersXXXX
  Product: Unity Personal
  Type: Assigned
  Expiration: Unlimited
Register platform support module: C:/Program Files/Unity/Hub/Editor/6000.3.10f1/Editor/Data/PlaybackEngines/AndroidPlayer/UnityEditor.Android.Extensions.dll
[Licensing::Client] Successfully resolved entitlement details
Register platform support module: C:/Program Files/Unity/Hub/Editor/6000.3.10f1/Editor/Data/PlaybackEngines/iOSSupport/UnityEditor.iOS.Extensions.dll
Registered in 0.008075 seconds.
- Loaded All Assemblies, in  0.480 seconds
[usbmuxd] Start listen thread
[usbmuxd] Listen thread started
Native extension for iOS target not found
Native extension for Android target not found
Android Extension - Scanning For ADB Devices 260 ms
Native extension for WindowsStandalone target not found
ScheduleIndexationOnStartup MainProcess:False IndexOnStartup:True
Mono: successfully reloaded assembly
- Finished resetting the current domain, in  0.734 seconds
Domain Reload Profiling: 1210ms
	BeginReloadAssembly (149ms)
		ExecutionOrderSort (0ms)
		DisableScriptedObjects (0ms)
		BackupInstance (0ms)
		ReleaseScriptingObjects (0ms)
		CreateAndSetChildDomain (1ms)
	RebuildCommonClasses (45ms)
	RebuildNativeTypeToScriptingClass (13ms)
	initialDomainReloadingComplete (61ms)
	LoadAllAssembliesAndSetupDomain (207ms)
		LoadAssemblies (146ms)
		RebuildTransferFunctionScriptingTraits (0ms)
		AnalyzeDomain (203ms)
			TypeCache.Refresh (201ms)
				TypeCache.ScanAssembly (186ms)
			BuildScriptInfoCaches (0ms)
			ResolveRequiredComponents (1ms)
	FinalizeReload (735ms)
		ReleaseScriptCaches (0ms)
		RebuildScriptCaches (0ms)
		SetupLoadedEditorAssemblies (678ms)
			LogAssemblyErrors (0ms)
			InitializePlatformSupportModulesInManaged (360ms)
			SetLoadedEditorAssemblies (4ms)
			BeforeProcessingInitializeOnLoad (91ms)
			ProcessInitializeOnLoadAttributes (150ms)
			ProcessInitializeOnLoadMethodAttributes (73ms)
			AfterProcessingInitializeOnLoad (0ms)
			EditorAssembliesLoaded (0ms)
		ExecutionOrderSort2 (0ms)
		AwakeInstancesAfterBackupRestoration (0ms)
========================================================================
Worker process is ready to serve import requests
Import Worker Mode flag is 0x00
Begin MonoManager ReloadAssembly
[Licensing::Client] Successfully resolved entitlement details
Symbol file LoadedFromMemory is not a mono symbol file
Symbol file LoadedFromMemory is not a mono symbol file
- Loaded All Assemblies, in  1.241 seconds
Refreshing native plugins compatible for Editor in 2.02 ms, found 4 plugins.
Native extension for iOS target not found
Native extension for Android target not found
Native extension for WindowsStandalone target not found
Refreshing native plugins compatible for Editor in 2.08 ms, found 4 plugins.
Package Manager log level set to [2]
[Package Manager] Failed to launch server process. Reason: Unity was launched with the -noUpm command-line argument
[Package Manager] Unable to send message (not connected to server process).
[Package Manager] Cannot connect to Unity Package Manager local server
[Licensing::Client] Error: Code 404 while processing request (status: Found 0 entitlement groups and 0 free entitlements matching requested entitlement ids)
ScheduleIndexationOnStartup MainProcess:False IndexOnStartup:True
Mono: successfully reloaded assembly
- Finished resetting the current domain, in  2.006 seconds
Domain Reload Profiling: 3242ms
	BeginReloadAssembly (188ms)
		ExecutionOrderSort (0ms)
		DisableScriptedObjects (6ms)
		BackupInstance (0ms)
		ReleaseScriptingObjects (0ms)
		CreateAndSetChildDomain (33ms)
	RebuildCommonClasses (41ms)
	RebuildNativeTypeToScriptingClass (13ms)
	initialDomainReloadingComplete (73ms)
	LoadAllAssembliesAndSetupDomain (921ms)
		LoadAssemblies (489ms)
		RebuildTransferFunctionScriptingTraits (0ms)
		AnalyzeDomain (536ms)
			TypeCache.Refresh (419ms)
				TypeCache.ScanAssembly (392ms)
			BuildScriptInfoCaches (100ms)
			ResolveRequiredComponents (11ms)
	FinalizeReload (2007ms)
		ReleaseScriptCaches (0ms)
		RebuildScriptCaches (0ms)
		SetupLoadedEditorAssemblies (1771ms)
			LogAssemblyErrors (0ms)
			InitializePlatformSupportModulesInManaged (15ms)
			SetLoadedEditorAssemblies (7ms)
			BeforeProcessingInitializeOnLoad (233ms)
			ProcessInitializeOnLoadAttributes (1140ms)
			ProcessInitializeOnLoadMethodAttributes (367ms)
			AfterProcessingInitializeOnLoad (8ms)
			EditorAssembliesLoaded (0ms)
		ExecutionOrderSort2 (0ms)
		AwakeInstancesAfterBackupRestoration (7ms)
Launched and connected shader compiler UnityShaderCompiler.exe after 0.02 seconds
Refreshing native plugins compatible for Editor in 2.19 ms, found 4 plugins.
Preloading 1 native plugins for Editor in 0.07 ms.
Unloading 59 Unused Serialized files (Serialized files now loaded: 0)
Unloading 9821 unused Assets / (21.9 MB). Loaded Objects now: 10641.
Memory consumption went from 199.9 MB to 178.1 MB.
Total: 33.364200 ms (FindLiveObjects: 1.420000 ms CreateObjectMapping: 1.536100 ms MarkObjects: 21.260000 ms  DeleteObjects: 9.145300 ms)

========================================================================
Received Import Request.
  Time since last request: 94452.693073 seconds.
  path: Assets/S
  artifactKey: Guid(9cd666c400a0717478d6770fe566f92b) Importer(815301076,1909f56bfc062723c751e8b465ee728b)
Start importing Assets/S using Guid(9cd666c400a0717478d6770fe566f92b) Importer(815301076,1909f56bfc062723c751e8b465ee728b) (PreviewImporter) -> (artifact id: '92fe90cb12993918b71301c8925ead1c') in 0.0051506 seconds
Number of updated asset objects reloaded before import = 0Number of asset objects unloaded after import = 0

========================================================================
Received Import Request.
  Time since last request: 0.000017 seconds.
  path: Assets/S
  artifactKey: Guid(9cd666c400a0717478d6770fe566f92b) Importer(2089858483,b0f066a214c2f5e87bad3c948f4d605d)
Start importing Assets/S using Guid(9cd666c400a0717478d6770fe566f92b) Importer(2089858483,b0f066a214c2f5e87bad3c948f4d605d) (ScriptedImporter) -> (artifact id: '325754fe69623b13d65f760384b0ddd4') in 0.0442076 seconds
Number of updated asset objects reloaded before import = 0Number of asset objects unloaded after import = 1

========================================================================
Received Import Request.
  Time since last request: 5.213303 seconds.
  path: Assets/Script
  artifactKey: Guid(9cd666c400a0717478d6770fe566f92b) Importer(815301076,1909f56bfc062723c751e8b465ee728b)
Start importing Assets/Script using Guid(9cd666c400a0717478d6770fe566f92b) Importer(815301076,1909f56bfc062723c751e8b465ee728b) (PreviewImporter) -> (artifact id: '544137c710db458e8cf116dee12d00b6') in 0.0008188 seconds
Number of updated asset objects reloaded before import = 0Number of asset objects unloaded after import = 0

========================================================================
Received Import Request.
  Time since last request: 0.920791 seconds.
  path: Assets/Script
  artifactKey: Guid(9cd666c400a0717478d6770fe566f92b) Importer(2089858483,b0f066a214c2f5e87bad3c948f4d605d)
Start importing Assets/Script using Guid(9cd666c400a0717478d6770fe566f92b) Importer(2089858483,b0f066a214c2f5e87bad3c948f4d605d) (ScriptedImporter) -> (artifact id: 'ab6e9ba5b869f461be99573a9f6402b2') in 0.0102669 seconds
Number of updated asset objects reloaded before import = 0Number of asset objects unloaded after import = 1

========================================================================
Received Import Request.
  Time since last request: 49.436216 seconds.
  path: Assets
  artifactKey: Guid(00000000000000001000000000000000) Importer(815301076,1909f56bfc062723c751e8b465ee728b)
Start importing Assets using Guid(00000000000000001000000000000000) Importer(815301076,1909f56bfc062723c751e8b465ee728b) (PreviewImporter) -> (artifact id: 'c391582d739b6e62a5220f35cbb167ac') in 0.0005409 seconds
Number of updated asset objects reloaded before import = 0Number of asset objects unloaded after import = 0

========================================================================
Received Import Request.
  Time since last request: 9.083581 seconds.
  path: Assets/New Material.mat
  artifactKey: Guid(a046ba61cc972374281e1695af4dbf3d) Importer(815301076,1909f56bfc062723c751e8b465ee728b)
Start importing Assets/New Material.mat using Guid(a046ba61cc972374281e1695af4dbf3d) Importer(815301076,1909f56bfc062723c751e8b465ee728b) (PreviewImporter) -> (artifact id: '3955fdcfe223b22ee4eab5849cb8468b') in 0.48823 seconds
Number of updated asset objects reloaded before import = 0Number of asset objects unloaded after import = 1

========================================================================
Received Import Request.
  Time since last request: 6.566870 seconds.
  path: Assets/New Material.mat
  artifactKey: Guid(a046ba61cc972374281e1695af4dbf3d) Importer(2089858483,b0f066a214c2f5e87bad3c948f4d605d)
Start importing Assets/New Material.mat using Guid(a046ba61cc972374281e1695af4dbf3d) Importer(2089858483,b0f066a214c2f5e87bad3c948f4d605d) (ScriptedImporter) -> (artifact id: 'b1d6fa03ac684e2d26d4c2bb44d84236') in 0.0521563 seconds
Number of updated asset objects reloaded before import = 0Number of asset objects unloaded after import = 1

========================================================================
Received Import Request.
  Time since last request: 19.536135 seconds.
  path: Assets/New Animation.anim
  artifactKey: Guid(51f4f9f2c9e70e2469d164efebcee0ad) Importer(815301076,1909f56bfc062723c751e8b465ee728b)
Start importing Assets/New Animation.anim using Guid(51f4f9f2c9e70e2469d164efebcee0ad) Importer(815301076,1909f56bfc062723c751e8b465ee728b) (PreviewImporter) -> (artifact id: 'c1fc93f7ba83ff1b85fb4666f82d5d51') in 0.0014201 seconds
Number of updated asset objects reloaded before import = 0Number of asset objects unloaded after import = 1

========================================================================
Received Import Request.
  Time since last request: 24.316373 seconds.
  path: Assets/Models
  artifactKey: Guid(2ab59aa8a2106d2428210870fc350088) Importer(815301076,1909f56bfc062723c751e8b465ee728b)
Start importing Assets/Models using Guid(2ab59aa8a2106d2428210870fc350088) Importer(815301076,1909f56bfc062723c751e8b465ee728b) (PreviewImporter) -> (artifact id: '7967ff43fd90c6f8e7c51eb654aed66d') in 0.0006232 seconds
Number of updated asset objects reloaded before import = 0Number of asset objects unloaded after import = 0

========================================================================
Received Import Request.
  Time since last request: 0.926237 seconds.
  path: Assets/Models
  artifactKey: Guid(2ab59aa8a2106d2428210870fc350088) Importer(2089858483,b0f066a214c2f5e87bad3c948f4d605d)
Start importing Assets/Models using Guid(2ab59aa8a2106d2428210870fc350088) Importer(2089858483,b0f066a214c2f5e87bad3c948f4d605d) (ScriptedImporter) -> (artifact id: '4f8356e133f8801ab554767a4492be65') in 0.0125042 seconds
Number of updated asset objects reloaded before import = 0Number of asset objects unloaded after import = 1

========================================================================
Received Import Request.
  Time since last request: 29.879805 seconds.
  path: Assets/Models/ship p6i.fbx
  artifactKey: Guid(2b616adcdaeddeb4689948a740cec2f6) Importer(2089858483,b0f066a214c2f5e87bad3c948f4d605d)
Start importing Assets/Models/ship p6i.fbx using Guid(2b616adcdaeddeb4689948a740cec2f6) Importer(2089858483,b0f066a214c2f5e87bad3c948f4d605d) (ScriptedImporter) -> (artifact id: 'c4e126ecf681fbceb317454644d2ec31') in 0.0816094 seconds
Number of updated asset objects reloaded before import = 0Number of asset objects unloaded after import = 509

========================================================================
Received Import Request.
  Time since last request: 1.676885 seconds.
  path: Assets/Models/stick 1.fbx
  artifactKey: Guid(3b1af6bf8a6a4ce458812356be35deb6) Importer(2089858483,b0f066a214c2f5e87bad3c948f4d605d)
Start importing Assets/Models/stick 1.fbx using Guid(3b1af6bf8a6a4ce458812356be35deb6) Importer(2089858483,b0f066a214c2f5e87bad3c948f4d605d) (ScriptedImporter) -> (artifact id: '1fc85fcaa55205f52bb6aa0d2b33527f') in 0.0291401 seconds
Number of updated asset objects reloaded before import = 0Number of asset objects unloaded after import = 104

========================================================================
Received Import Request.
  Time since last request: 56.681921 seconds.
  path: Assets/Models/stick 1.controller
  artifactKey: Guid(3b451cb885468ab419405debe8638d85) Importer(2089858483,b0f066a214c2f5e87bad3c948f4d605d)
Start importing Assets/Models/stick 1.controller using Guid(3b451cb885468ab419405debe8638d85) Importer(2089858483,b0f066a214c2f5e87bad3c948f4d605d) (ScriptedImporter) -> (artifact id: '6fe894f455de3d8270cebcda2915eff2') in 0.0139666 seconds
Number of updated asset objects reloaded before import = 0Number of asset objects unloaded after import = 1

========================================================================
Received Import Request.
  Time since last request: 43.643991 seconds.
  path: Assets/Models/root_Walk.anim
  artifactKey: Guid(c8c2a434d337a4a4db13830e5bbce535) Importer(815301076,1909f56bfc062723c751e8b465ee728b)
Start importing Assets/Models/root_Walk.anim using Guid(c8c2a434d337a4a4db13830e5bbce535) Importer(815301076,1909f56bfc062723c751e8b465ee728b) (PreviewImporter) -> (artifact id: '496292e7e1eaede0c8b7c726f0c0cf92') in 0.0057639 seconds
Number of updated asset objects reloaded before import = 0Number of asset objects unloaded after import = 1

========================================================================
Received Import Request.
  Time since last request: 0.922869 seconds.
  path: Assets/Models/root_Run.anim
  artifactKey: Guid(ef2f0c9d22ea38d47b4de745b91f5dcf) Importer(2089858483,b0f066a214c2f5e87bad3c948f4d605d)
Start importing Assets/Models/root_Run.anim using Guid(ef2f0c9d22ea38d47b4de745b91f5dcf) Importer(2089858483,b0f066a214c2f5e87bad3c948f4d605d) (ScriptedImporter) -> (artifact id: '6203c2ede9f1d69b5cdeb75d40c3c618') in 0.0153884 seconds
Number of updated asset objects reloaded before import = 0Number of asset objects unloaded after import = 1

========================================================================
Received Import Request.
  Time since last request: 0.000022 seconds.
  path: Assets/Models/root_Walk.anim
  artifactKey: Guid(c8c2a434d337a4a4db13830e5bbce535) Importer(2089858483,b0f066a214c2f5e87bad3c948f4d605d)
Start importing Assets/Models/root_Walk.anim using Guid(c8c2a434d337a4a4db13830e5bbce535) Importer(2089858483,b0f066a214c2f5e87bad3c948f4d605d) (ScriptedImporter) -> (artifact id: 'e45313d5ac5619ed11780ba487b76f7d') in 0.0172083 seconds
Number of updated asset objects reloaded before import = 0Number of asset objects unloaded after import = 1

========================================================================
Received Import Request.
  Time since last request: 5.850547 seconds.
  path: Assets/Models/root_still.anim
  artifactKey: Guid(6ecb115d28908224cac54727019444ba) Importer(815301076,1909f56bfc062723c751e8b465ee728b)
Start importing Assets/Models/root_still.anim using Guid(6ecb115d28908224cac54727019444ba) Importer(815301076,1909f56bfc062723c751e8b465ee728b) (PreviewImporter) -> (artifact id: '376ead57de88dc500ab04da24ac84d94') in 0.0013296 seconds
Number of updated asset objects reloaded before import = 0Number of asset objects unloaded after import = 1

========================================================================
Received Import Request.
  Time since last request: 0.405903 seconds.
  path: Assets/Models/root_Run.anim
  artifactKey: Guid(ef2f0c9d22ea38d47b4de745b91f5dcf) Importer(815301076,1909f56bfc062723c751e8b465ee728b)
Start importing Assets/Models/root_Run.anim using Guid(ef2f0c9d22ea38d47b4de745b91f5dcf) Importer(815301076,1909f56bfc062723c751e8b465ee728b) (PreviewImporter) -> (artifact id: '48009a89a9814bb77f8e6d42b211c917') in 0.004703 seconds
Number of updated asset objects reloaded before import = 0Number of asset objects unloaded after import = 1

========================================================================
Received Prepare
Begin MonoManager ReloadAssembly
[Licensing::Client] Successfully resolved entitlement details
Symbol file LoadedFromMemory is not a mono symbol file
Symbol file LoadedFromMemory is not a mono symbol file
- Loaded All Assemblies, in  1.110 seconds
Refreshing native plugins compatible for Editor in 1.82 ms, found 4 plugins.
Native extension for iOS target not found
Native extension for Android target not found
Native extension for WindowsStandalone target not found
Refreshing native plugins compatible for Editor in 2.19 ms, found 4 plugins.
[Package Manager] Failed to launch server process. Reason: Unity was launched with the -noUpm command-line argument
[Package Manager] Unable to send message (not connected to server process).
[Package Manager] Cannot connect to Unity Package Manager local server
[Licensing::Client] Error: Code 404 while processing request (status: Found 0 entitlement groups and 0 free entitlements matching requested entitlement ids)
ScheduleIndexationOnStartup MainProcess:False IndexOnStartup:True
Mono: successfully reloaded assembly
- Finished resetting the current domain, in  1.674 seconds
Domain Reload Profiling: 2785ms
	BeginReloadAssembly (305ms)
		ExecutionOrderSort (0ms)
		DisableScriptedObjects (29ms)
		BackupInstance (0ms)
		ReleaseScriptingObjects (0ms)
		CreateAndSetChildDomain (114ms)
	RebuildCommonClasses (36ms)
	RebuildNativeTypeToScriptingClass (13ms)
	initialDomainReloadingComplete (56ms)
	LoadAllAssembliesAndSetupDomain (700ms)
		LoadAssemblies (435ms)
		RebuildTransferFunctionScriptingTraits (0ms)
		AnalyzeDomain (359ms)
			TypeCache.Refresh (9ms)
				TypeCache.ScanAssembly (0ms)
			BuildScriptInfoCaches (333ms)
			ResolveRequiredComponents (11ms)
	FinalizeReload (1674ms)
		ReleaseScriptCaches (0ms)
		RebuildScriptCaches (0ms)
		SetupLoadedEditorAssemblies (1475ms)
			LogAssemblyErrors (0ms)
			InitializePlatformSupportModulesInManaged (13ms)
			SetLoadedEditorAssemblies (6ms)
			BeforeProcessingInitializeOnLoad (217ms)
			ProcessInitializeOnLoadAttributes (765ms)
			ProcessInitializeOnLoadMethodAttributes (464ms)
			AfterProcessingInitializeOnLoad (9ms)
			EditorAssembliesLoaded (0ms)
		ExecutionOrderSort2 (0ms)
		AwakeInstancesAfterBackupRestoration (20ms)
Refreshing native plugins compatible for Editor in 2.00 ms, found 4 plugins.
Preloading 1 native plugins for Editor in 0.07 ms.
Unloading 59 Unused Serialized files (Serialized files now loaded: 0)
Unloading 9818 unused Assets / (22.6 MB). Loaded Objects now: 10722.
Memory consumption went from 213.3 MB to 190.6 MB.
Total: 36.499800 ms (FindLiveObjects: 1.424000 ms CreateObjectMapping: 1.625600 ms MarkObjects: 22.424200 ms  DeleteObjects: 11.024000 ms)

Prepare: number of updated asset objects reloaded= 0
========================================================================
Received Import Request.
  Time since last request: 248.644370 seconds.
  path: Assets/ship p6i.fbm
  artifactKey: Guid(4205ce09a07cd7b43ba00b43304c6c5f) Importer(815301076,1909f56bfc062723c751e8b465ee728b)
Start importing Assets/ship p6i.fbm using Guid(4205ce09a07cd7b43ba00b43304c6c5f) Importer(815301076,1909f56bfc062723c751e8b465ee728b) (PreviewImporter) -> (artifact id: 'fcdb9182dd24f7dc618579b49670143e') in 0.0107993 seconds
Number of updated asset objects reloaded before import = 0Number of asset objects unloaded after import = 0

========================================================================
Received Import Request.
  Time since last request: 6.604962 seconds.
  path: Assets/TutorialInfo
  artifactKey: Guid(ba062aa6c92b140379dbc06b43dd3b9b) Importer(815301076,1909f56bfc062723c751e8b465ee728b)
Start importing Assets/TutorialInfo using Guid(ba062aa6c92b140379dbc06b43dd3b9b) Importer(815301076,1909f56bfc062723c751e8b465ee728b) (PreviewImporter) -> (artifact id: 'bd0ce3b9fb2b0078fcd59af112aef3b6') in 0.0007952 seconds
Number of updated asset objects reloaded before import = 0Number of asset objects unloaded after import = 0

========================================================================
Received Import Request.
  Time since last request: 84.229656 seconds.
  path: Assets/Audio
  artifactKey: Guid(0f3731f0399ad0d4198104c9a484d377) Importer(815301076,1909f56bfc062723c751e8b465ee728b)
Start importing Assets/Audio using Guid(0f3731f0399ad0d4198104c9a484d377) Importer(815301076,1909f56bfc062723c751e8b465ee728b) (PreviewImporter) -> (artifact id: 'd38c5946bc930d3b7210a45ccfdf729a') in 0.0009009 seconds
Number of updated asset objects reloaded before import = 0Number of asset objects unloaded after import = 0

========================================================================
Received Import Request.
  Time since last request: 88.655115 seconds.
  path: Assets/Materials
  artifactKey: Guid(74ef4238fcdce9a469e1929d41e843a2) Importer(815301076,1909f56bfc062723c751e8b465ee728b)
Start importing Assets/Materials using Guid(74ef4238fcdce9a469e1929d41e843a2) Importer(815301076,1909f56bfc062723c751e8b465ee728b) (PreviewImporter) -> (artifact id: '2e93a6d5f0d41aab774db7d28df69f6b') in 0.0006564 seconds
Number of updated asset objects reloaded before import = 0Number of asset objects unloaded after import = 0

========================================================================
Received Import Request.
  Time since last request: 5.965781 seconds.
  path: Assets/Audio
  artifactKey: Guid(0f3731f0399ad0d4198104c9a484d377) Importer(2089858483,b0f066a214c2f5e87bad3c948f4d605d)
Start importing Assets/Audio using Guid(0f3731f0399ad0d4198104c9a484d377) Importer(2089858483,b0f066a214c2f5e87bad3c948f4d605d) (ScriptedImporter) -> (artifact id: 'b84141052e63ec2b60f5a1d6a787b35f') in 0.042209 seconds
Number of updated asset objects reloaded before import = 0Number of asset objects unloaded after import = 1

========================================================================
Received Import Request.
  Time since last request: 9.537869 seconds.
  path: Assets/Models/ship
  artifactKey: Guid(59b3c7eef67216a4bac771b64b042b1c) Importer(815301076,1909f56bfc062723c751e8b465ee728b)
Start importing Assets/Models/ship using Guid(59b3c7eef67216a4bac771b64b042b1c) Importer(815301076,1909f56bfc062723c751e8b465ee728b) (PreviewImporter) -> (artifact id: '8236b4dd8b16220e1c549acef9e6a50b') in 0.0007836 seconds
Number of updated asset objects reloaded before import = 0Number of asset objects unloaded after import = 0

========================================================================
Received Import Request.
  Time since last request: 0.925405 seconds.
  path: Assets/Models/ship
  artifactKey: Guid(59b3c7eef67216a4bac771b64b042b1c) Importer(2089858483,b0f066a214c2f5e87bad3c948f4d605d)
Start importing Assets/Models/ship using Guid(59b3c7eef67216a4bac771b64b042b1c) Importer(2089858483,b0f066a214c2f5e87bad3c948f4d605d) (ScriptedImporter) -> (artifact id: '4a77c0fff03cd8375e04dd0f17e54c25') in 0.0156965 seconds
Number of updated asset objects reloaded before import = 0Number of asset objects unloaded after import = 1

========================================================================
Received Import Request.
  Time since last request: 2.638202 seconds.
  path: Assets/Models/ship/ship p6i.fbx
  artifactKey: Guid(2b616adcdaeddeb4689948a740cec2f6) Importer(2089858483,b0f066a214c2f5e87bad3c948f4d605d)
Start importing Assets/Models/ship/ship p6i.fbx using Guid(2b616adcdaeddeb4689948a740cec2f6) Importer(2089858483,b0f066a214c2f5e87bad3c948f4d605d) (ScriptedImporter) -> (artifact id: 'd1ca140d8e16ba13aeb0e9719200c3d4') in 0.1115997 seconds
Number of updated asset objects reloaded before import = 0Number of asset objects unloaded after import = 509

========================================================================
Received Import Request.
  Time since last request: 6.668742 seconds.
  path: Assets/Models/ship/ship p6i.fbx
  artifactKey: Guid(2b616adcdaeddeb4689948a740cec2f6) Importer(815301076,1909f56bfc062723c751e8b465ee728b)
Start importing Assets/Models/ship/ship p6i.fbx using Guid(2b616adcdaeddeb4689948a740cec2f6) Importer(815301076,1909f56bfc062723c751e8b465ee728b) (PreviewImporter) -> (artifact id: '10ab1915e56b5ba1bf26b9e9a459cb9d') in 0.8675061 seconds
Number of updated asset objects reloaded before import = 0Number of asset objects unloaded after import = 509

========================================================================
Received Import Request.
  Time since last request: 1.541676 seconds.
  path: Assets/Models/ship/ship p6i.fbx
  artifactKey: Guid(2b616adcdaeddeb4689948a740cec2f6) Importer(815301076,1909f56bfc062723c751e8b465ee728b)
Start importing Assets/Models/ship/ship p6i.fbx using Guid(2b616adcdaeddeb4689948a740cec2f6) Importer(815301076,1909f56bfc062723c751e8b465ee728b) (PreviewImporter) -> (artifact id: '0907310c124098be388fa7e0ba4d35a0') in 0.4923974 seconds
Number of updated asset objects reloaded before import = 0Number of asset objects unloaded after import = 509

========================================================================
Received Import Request.
  Time since last request: 0.000043 seconds.
  path: Assets/Models/ship/Mat_StylShip_Masts.mat
  artifactKey: Guid(242470b292dcca54a827f9fa82afa9e7) Importer(815301076,1909f56bfc062723c751e8b465ee728b)
Start importing Assets/Models/ship/Mat_StylShip_Masts.mat using Guid(242470b292dcca54a827f9fa82afa9e7) Importer(815301076,1909f56bfc062723c751e8b465ee728b) (PreviewImporter) -> (artifact id: 'd1ae86ffd0488a771f3e2c8922b4d528') in 0.0160504 seconds
Number of updated asset objects reloaded before import = 0Number of asset objects unloaded after import = 1

========================================================================
Received Import Request.
  Time since last request: 0.000057 seconds.
  path: Assets/Models/ship/Mat_StylShip_ShipHull.mat
  artifactKey: Guid(92aa86db8e891b145b81fa68b132ffdf) Importer(815301076,1909f56bfc062723c751e8b465ee728b)
Start importing Assets/Models/ship/Mat_StylShip_ShipHull.mat using Guid(92aa86db8e891b145b81fa68b132ffdf) Importer(815301076,1909f56bfc062723c751e8b465ee728b) (PreviewImporter) -> (artifact id: 'd6fd5e214834161a9cf4c116e80367d6') in 0.015857 seconds
Number of updated asset objects reloaded before import = 0Number of asset objects unloaded after import = 1

========================================================================
Received Import Request.
  Time since last request: 0.000030 seconds.
  path: Assets/Models/ship/Mat_StylShip_Props.mat
  artifactKey: Guid(710b48914fb99f340a3f1cbb07a2edab) Importer(815301076,1909f56bfc062723c751e8b465ee728b)
Start importing Assets/Models/ship/Mat_StylShip_Props.mat using Guid(710b48914fb99f340a3f1cbb07a2edab) Importer(815301076,1909f56bfc062723c751e8b465ee728b) (PreviewImporter) -> (artifact id: '64ae76190f4ffa794f944b3151c45e82') in 0.0172867 seconds
Number of updated asset objects reloaded before import = 0Number of asset objects unloaded after import = 1

========================================================================
Received Import Request.
  Time since last request: 0.000030 seconds.
  path: Assets/Models/ship/Mat_StylShip_Elements.mat
  artifactKey: Guid(7e34f5616654c8448908a881c51f1d37) Importer(815301076,1909f56bfc062723c751e8b465ee728b)
Start importing Assets/Models/ship/Mat_StylShip_Elements.mat using Guid(7e34f5616654c8448908a881c51f1d37) Importer(815301076,1909f56bfc062723c751e8b465ee728b) (PreviewImporter) -> (artifact id: '261d2c1d5849856da4840581e8830397') in 0.0188317 seconds
Number of updated asset objects reloaded before import = 0Number of asset objects unloaded after import = 1

========================================================================
Received Import Request.
  Time since last request: 0.208656 seconds.
  path: Assets/Models/ship/ship p6i.fbx
  artifactKey: Guid(2b616adcdaeddeb4689948a740cec2f6) Importer(2089858483,b0f066a214c2f5e87bad3c948f4d605d)
Start importing Assets/Models/ship/ship p6i.fbx using Guid(2b616adcdaeddeb4689948a740cec2f6) Importer(2089858483,b0f066a214c2f5e87bad3c948f4d605d) (ScriptedImporter) -> (artifact id: '0970fef729f82f912585be6d4f837792') in 0.0339502 seconds
Number of updated asset objects reloaded before import = 0Number of asset objects unloaded after import = 503

========================================================================
Received Import Request.
  Time since last request: 0.000083 seconds.
  path: Assets/Models/ship/Mat_StylShip_ShipHull.mat
  artifactKey: Guid(92aa86db8e891b145b81fa68b132ffdf) Importer(2089858483,b0f066a214c2f5e87bad3c948f4d605d)
Start importing Assets/Models/ship/Mat_StylShip_ShipHull.mat using Guid(92aa86db8e891b145b81fa68b132ffdf) Importer(2089858483,b0f066a214c2f5e87bad3c948f4d605d) (ScriptedImporter) -> (artifact id: 'd1ef578140f235f083e2018c0b57c010') in 0.0123399 seconds
Number of updated asset objects reloaded before import = 0Number of asset objects unloaded after import = 1

========================================================================
Received Import Request.
  Time since last request: 0.000041 seconds.
  path: Assets/Models/ship/Mat_StylShip_Props.mat
  artifactKey: Guid(710b48914fb99f340a3f1cbb07a2edab) Importer(2089858483,b0f066a214c2f5e87bad3c948f4d605d)
Start importing Assets/Models/ship/Mat_StylShip_Props.mat using Guid(710b48914fb99f340a3f1cbb07a2edab) Importer(2089858483,b0f066a214c2f5e87bad3c948f4d605d) (ScriptedImporter) -> (artifact id: 'bc763453b473bfbeed15edfb91f22501') in 0.0107673 seconds
Number of updated asset objects reloaded before import = 0Number of asset objects unloaded after import = 1

========================================================================
Received Import Request.
  Time since last request: 0.000029 seconds.
  path: Assets/Models/stick 1.controller
  artifactKey: Guid(3b451cb885468ab419405debe8638d85) Importer(2089858483,b0f066a214c2f5e87bad3c948f4d605d)
Start importing Assets/Models/stick 1.controller using Guid(3b451cb885468ab419405debe8638d85) Importer(2089858483,b0f066a214c2f5e87bad3c948f4d605d) (ScriptedImporter) -> (artifact id: '6b7965f15de1eb23ea28a2eb9a20c4e1') in 0.0213482 seconds
Number of updated asset objects reloaded before import = 0Number of asset objects unloaded after import = 10

========================================================================
Received Import Request.
  Time since last request: 0.000028 seconds.
  path: Assets/Models/ship/Mat_StylShip_SailsRope.mat
  artifactKey: Guid(88587020f0258ca4bb44aeae84d8234f) Importer(2089858483,b0f066a214c2f5e87bad3c948f4d605d)
Start importing Assets/Models/ship/Mat_StylShip_SailsRope.mat using Guid(88587020f0258ca4bb44aeae84d8234f) Importer(2089858483,b0f066a214c2f5e87bad3c948f4d605d) (ScriptedImporter) -> (artifact id: '165aad9d38dfa432dd921913a647ca3d') in 0.0114704 seconds
Number of updated asset objects reloaded before import = 0Number of asset objects unloaded after import = 1

Editor requested this worker to shutdown with reason: Scaling down because of idle timeout
AssetImportWorker is now disconnected from the server
Process exiting
Exiting without the bug reporter. Application will terminate with return code 0